[9.474s] Invoking command in '/home/kwasi/Autonomous_MicroRover_ROS/microrover_ws/src/rover_autonomy': PYTHONPATH=/home/kwasi/Autonomous_MicroRover_ROS/microrover_ws/build/rover_autonomy/prefix_override:/usr/lib/python3/dist-packages/colcon_core/task/python/colcon_distutils_commands:/home/kwasi/Autonomous_MicroRover_ROS/microrover_ws/install/rover_autonomy/lib/python3.10/site-packages:${PYTHONPATH} /usr/bin/python3 -W ignore:setup.py install is deprecated setup.py egg_info --egg-base ../../build/rover_autonomy build --build-base /home/kwasi/Autonomous_MicroRover_ROS/microrover_ws/build/rover_autonomy/build install --record /home/kwasi/Autonomous_MicroRover_ROS/microrover_ws/build/rover_autonomy/install.log --single-version-externally-managed install_data
[12.858s] running egg_info
[12.879s] creating ../../build/rover_autonomy/rover_autonomy.egg-info
[12.891s] writing ../../build/rover_autonomy/rover_autonomy.egg-info/PKG-INFO
[12.894s] writing dependency_links to ../../build/rover_autonomy/rover_autonomy.egg-info/dependency_links.txt
[12.895s] writing entry points to ../../build/rover_autonomy/rover_autonomy.egg-info/entry_points.txt
[12.900s] writing requirements to ../../build/rover_autonomy/rover_autonomy.egg-info/requires.txt
[12.901s] writing top-level names to ../../build/rover_autonomy/rover_autonomy.egg-info/top_level.txt
[12.902s] writing manifest file '../../build/rover_autonomy/rover_autonomy.egg-info/SOURCES.txt'
[12.921s] reading manifest file '../../build/rover_autonomy/rover_autonomy.egg-info/SOURCES.txt'
[12.926s] writing manifest file '../../build/rover_autonomy/rover_autonomy.egg-info/SOURCES.txt'
[12.935s] running build
[12.935s] running build_py
[12.938s] creating /home/kwasi/Autonomous_MicroRover_ROS/microrover_ws/build/rover_autonomy/build
[12.938s] creating /home/kwasi/Autonomous_MicroRover_ROS/microrover_ws/build/rover_autonomy/build/lib
[12.945s] creating /home/kwasi/Autonomous_MicroRover_ROS/microrover_ws/build/rover_autonomy/build/lib/rover_autonomy
[12.949s] copying rover_autonomy/__init__.py -> /home/kwasi/Autonomous_MicroRover_ROS/microrover_ws/build/rover_autonomy/build/lib/rover_autonomy
[12.950s] running install
[12.951s] running install_lib
[12.953s] creating /home/kwasi/Autonomous_MicroRover_ROS/microrover_ws/install/rover_autonomy/lib/python3.10/site-packages/rover_autonomy
[12.956s] copying /home/kwasi/Autonomous_MicroRover_ROS/microrover_ws/build/rover_autonomy/build/lib/rover_autonomy/__init__.py -> /home/kwasi/Autonomous_MicroRover_ROS/microrover_ws/install/rover_autonomy/lib/python3.10/site-packages/rover_autonomy
[12.964s] byte-compiling /home/kwasi/Autonomous_MicroRover_ROS/microrover_ws/install/rover_autonomy/lib/python3.10/site-packages/rover_autonomy/__init__.py to __init__.cpython-310.pyc
[12.976s] running install_data
[12.980s] creating /home/kwasi/Autonomous_MicroRover_ROS/microrover_ws/install/rover_autonomy/share/ament_index
[12.987s] creating /home/kwasi/Autonomous_MicroRover_ROS/microrover_ws/install/rover_autonomy/share/ament_index/resource_index
[12.997s] creating /home/kwasi/Autonomous_MicroRover_ROS/microrover_ws/install/rover_autonomy/share/ament_index/resource_index/packages
[13.000s] copying resource/rover_autonomy -> /home/kwasi/Autonomous_MicroRover_ROS/microrover_ws/install/rover_autonomy/share/ament_index/resource_index/packages
[13.004s] copying package.xml -> /home/kwasi/Autonomous_MicroRover_ROS/microrover_ws/install/rover_autonomy/share/rover_autonomy
[13.004s] running install_egg_info
[13.023s] Copying ../../build/rover_autonomy/rover_autonomy.egg-info to /home/kwasi/Autonomous_MicroRover_ROS/microrover_ws/install/rover_autonomy/lib/python3.10/site-packages/rover_autonomy-0.0.0-py3.10.egg-info
[13.034s] running install_scripts
[13.263s] writing list of installed files to '/home/kwasi/Autonomous_MicroRover_ROS/microrover_ws/build/rover_autonomy/install.log'
[13.549s] Invoked command in '/home/kwasi/Autonomous_MicroRover_ROS/microrover_ws/src/rover_autonomy' returned '0': PYTHONPATH=/home/kwasi/Autonomous_MicroRover_ROS/microrover_ws/build/rover_autonomy/prefix_override:/usr/lib/python3/dist-packages/colcon_core/task/python/colcon_distutils_commands:/home/kwasi/Autonomous_MicroRover_ROS/microrover_ws/install/rover_autonomy/lib/python3.10/site-packages:${PYTHONPATH} /usr/bin/python3 -W ignore:setup.py install is deprecated setup.py egg_info --egg-base ../../build/rover_autonomy build --build-base /home/kwasi/Autonomous_MicroRover_ROS/microrover_ws/build/rover_autonomy/build install --record /home/kwasi/Autonomous_MicroRover_ROS/microrover_ws/build/rover_autonomy/install.log --single-version-externally-managed install_data
