[5.883s] DEBUG:colcon:Command line arguments: ['/usr/bin/colcon', 'build']
[5.883s] DEBUG:colcon:Parsed command line arguments: Namespace(log_base=None, log_level=None, verb_name='build', build_base='build', install_base='install', merge_install=False, symlink_install=False, test_result_base=None, continue_on_error=False, executor='parallel', parallel_workers=2, event_handlers=None, ignore_user_meta=False, metas=['./colcon.meta'], base_paths=['.'], packages_ignore=None, packages_ignore_regex=None, paths=None, packages_up_to=None, packages_up_to_regex=None, packages_above=None, packages_above_and_dependencies=None, packages_above_depth=None, packages_select_by_dep=None, packages_skip_by_dep=None, packages_skip_up_to=None, packages_select_build_failed=False, packages_skip_build_finished=False, packages_select_test_failures=False, packages_skip_test_passed=False, packages_select=None, packages_skip=None, packages_select_regex=None, packages_skip_regex=None, packages_start=None, packages_end=None, allow_overriding=[], cmake_args=None, cmake_target=None, cmake_target_skip_unavailable=False, cmake_clean_cache=False, cmake_clean_first=False, cmake_force_configure=False, ament_cmake_args=None, catkin_cmake_args=None, catkin_skip_building_tests=False, mixin_files=None, mixin=None, verb_parser=<colcon_mixin.mixin.mixin_argument.MixinArgumentDecorator object at 0x77d993a6b490>, verb_extension=<colcon_core.verb.build.BuildVerb object at 0x77d993a6a9b0>, main=<bound method BuildVerb.main of <colcon_core.verb.build.BuildVerb object at 0x77d993a6a9b0>>, mixin_verb=('build',))
[9.813s] Level 1:colcon.colcon_core.package_discovery:discover_packages(colcon_meta) check parameters
[9.814s] Level 1:colcon.colcon_core.package_discovery:discover_packages(recursive) check parameters
[9.815s] Level 1:colcon.colcon_core.package_discovery:discover_packages(ignore) check parameters
[9.815s] Level 1:colcon.colcon_core.package_discovery:discover_packages(path) check parameters
[9.815s] Level 1:colcon.colcon_core.package_discovery:discover_packages(colcon_meta) discover
[9.816s] Level 1:colcon.colcon_core.package_discovery:discover_packages(recursive) discover
[9.817s] INFO:colcon.colcon_core.package_discovery:Crawling recursively for packages in '/home/kwasi/Autonomous_MicroRover_ROS/microrover_ws'
[9.818s] Level 1:colcon.colcon_core.package_identification:_identify(.) by extensions ['ignore', 'ignore_ament_install']
[9.818s] Level 1:colcon.colcon_core.package_identification:_identify(.) by extension 'ignore'
[9.819s] Level 1:colcon.colcon_core.package_identification:_identify(.) by extension 'ignore_ament_install'
[9.820s] Level 1:colcon.colcon_core.package_identification:_identify(.) by extensions ['colcon_pkg']
[9.820s] Level 1:colcon.colcon_core.package_identification:_identify(.) by extension 'colcon_pkg'
[9.821s] Level 1:colcon.colcon_core.package_identification:_identify(.) by extensions ['colcon_meta']
[9.822s] Level 1:colcon.colcon_core.package_identification:_identify(.) by extension 'colcon_meta'
[9.822s] Level 1:colcon.colcon_core.package_identification:_identify(.) by extensions ['ros']
[9.823s] Level 1:colcon.colcon_core.package_identification:_identify(.) by extension 'ros'
[10.021s] Level 1:colcon.colcon_core.package_identification:_identify(.) by extensions ['cmake', 'python']
[10.021s] Level 1:colcon.colcon_core.package_identification:_identify(.) by extension 'cmake'
[10.022s] Level 1:colcon.colcon_core.package_identification:_identify(.) by extension 'python'
[10.023s] Level 1:colcon.colcon_core.package_identification:_identify(.) by extensions ['python_setup_py']
[10.023s] Level 1:colcon.colcon_core.package_identification:_identify(.) by extension 'python_setup_py'
[10.024s] Level 1:colcon.colcon_core.package_identification:_identify(build) by extensions ['ignore', 'ignore_ament_install']
[10.025s] Level 1:colcon.colcon_core.package_identification:_identify(build) by extension 'ignore'
[10.026s] Level 1:colcon.colcon_core.package_identification:_identify(build) ignored
[10.027s] Level 1:colcon.colcon_core.package_identification:_identify(install) by extensions ['ignore', 'ignore_ament_install']
[10.028s] Level 1:colcon.colcon_core.package_identification:_identify(install) by extension 'ignore'
[10.029s] Level 1:colcon.colcon_core.package_identification:_identify(install) ignored
[10.030s] Level 1:colcon.colcon_core.package_identification:_identify(log) by extensions ['ignore', 'ignore_ament_install']
[10.031s] Level 1:colcon.colcon_core.package_identification:_identify(log) by extension 'ignore'
[10.031s] Level 1:colcon.colcon_core.package_identification:_identify(log) ignored
[10.032s] Level 1:colcon.colcon_core.package_identification:_identify(src) by extensions ['ignore', 'ignore_ament_install']
[10.033s] Level 1:colcon.colcon_core.package_identification:_identify(src) by extension 'ignore'
[10.034s] Level 1:colcon.colcon_core.package_identification:_identify(src) by extension 'ignore_ament_install'
[10.035s] Level 1:colcon.colcon_core.package_identification:_identify(src) by extensions ['colcon_pkg']
[10.035s] Level 1:colcon.colcon_core.package_identification:_identify(src) by extension 'colcon_pkg'
[10.036s] Level 1:colcon.colcon_core.package_identification:_identify(src) by extensions ['colcon_meta']
[10.036s] Level 1:colcon.colcon_core.package_identification:_identify(src) by extension 'colcon_meta'
[10.037s] Level 1:colcon.colcon_core.package_identification:_identify(src) by extensions ['ros']
[10.037s] Level 1:colcon.colcon_core.package_identification:_identify(src) by extension 'ros'
[10.038s] Level 1:colcon.colcon_core.package_identification:_identify(src) by extensions ['cmake', 'python']
[10.039s] Level 1:colcon.colcon_core.package_identification:_identify(src) by extension 'cmake'
[10.039s] Level 1:colcon.colcon_core.package_identification:_identify(src) by extension 'python'
[10.040s] Level 1:colcon.colcon_core.package_identification:_identify(src) by extensions ['python_setup_py']
[10.040s] Level 1:colcon.colcon_core.package_identification:_identify(src) by extension 'python_setup_py'
[10.041s] Level 1:colcon.colcon_core.package_discovery:discover_packages(recursive) using defaults
[10.041s] Level 1:colcon.colcon_core.package_discovery:discover_packages(ignore) discover
[10.042s] Level 1:colcon.colcon_core.package_discovery:discover_packages(ignore) using defaults
[10.042s] Level 1:colcon.colcon_core.package_discovery:discover_packages(path) discover
[10.042s] Level 1:colcon.colcon_core.package_discovery:discover_packages(path) using defaults
[10.331s] Level 1:colcon.colcon_core.package_discovery:discover_packages(prefix_path) check parameters
[10.332s] Level 1:colcon.colcon_core.package_discovery:discover_packages(prefix_path) discover
[10.372s] DEBUG:colcon.colcon_installed_package_information.package_discovery:Found 1 installed packages in /home/kwasi/mower_sim_ws/install
[10.377s] DEBUG:colcon.colcon_installed_package_information.package_discovery:Found 1 installed packages in /home/kwasi/depth_camera_ws/install
[10.391s] DEBUG:colcon.colcon_installed_package_information.package_discovery:Found 335 installed packages in /opt/ros/humble
[10.411s] Level 1:colcon.colcon_core.package_discovery:discover_packages(prefix_path) using defaults
[10.985s] INFO:colcon.colcon_core.executor:Executing jobs using 'parallel' executor
[10.993s] DEBUG:colcon.colcon_parallel_executor.executor.parallel:run_until_complete
[10.996s] DEBUG:colcon.colcon_parallel_executor.executor.parallel:closing loop
[10.996s] DEBUG:colcon.colcon_parallel_executor.executor.parallel:loop closed
[10.997s] DEBUG:colcon.colcon_parallel_executor.executor.parallel:run_until_complete finished with '0'
[10.997s] DEBUG:colcon.colcon_core.event_reactor:joining thread
[11.069s] INFO:colcon.colcon_core.plugin_system:Skipping extension 'colcon_notification.desktop_notification.terminal_notifier': Not used on non-Darwin systems
[11.070s] INFO:colcon.colcon_core.plugin_system:Skipping extension 'colcon_notification.desktop_notification.win32': Not used on non-Windows systems
[11.071s] INFO:colcon.colcon_notification.desktop_notification:Sending desktop notification using 'notify2'
[11.244s] DEBUG:colcon.colcon_core.event_reactor:joined thread
[11.324s] INFO:colcon.colcon_core.plugin_system:Skipping extension 'colcon_core.shell.bat': Not used on non-Windows systems
[11.330s] INFO:colcon.colcon_core.shell:Creating prefix script '/home/kwasi/Autonomous_MicroRover_ROS/microrover_ws/install/local_setup.ps1'
[11.351s] INFO:colcon.colcon_core.shell:Creating prefix util module '/home/kwasi/Autonomous_MicroRover_ROS/microrover_ws/install/_local_setup_util_ps1.py'
[11.385s] INFO:colcon.colcon_core.shell:Creating prefix chain script '/home/kwasi/Autonomous_MicroRover_ROS/microrover_ws/install/setup.ps1'
[11.413s] INFO:colcon.colcon_core.shell:Creating prefix script '/home/kwasi/Autonomous_MicroRover_ROS/microrover_ws/install/local_setup.sh'
[11.428s] INFO:colcon.colcon_core.shell:Creating prefix util module '/home/kwasi/Autonomous_MicroRover_ROS/microrover_ws/install/_local_setup_util_sh.py'
[11.439s] INFO:colcon.colcon_core.shell:Creating prefix chain script '/home/kwasi/Autonomous_MicroRover_ROS/microrover_ws/install/setup.sh'
[11.460s] INFO:colcon.colcon_core.shell:Creating prefix script '/home/kwasi/Autonomous_MicroRover_ROS/microrover_ws/install/local_setup.bash'
[11.478s] INFO:colcon.colcon_core.shell:Creating prefix chain script '/home/kwasi/Autonomous_MicroRover_ROS/microrover_ws/install/setup.bash'
[11.491s] INFO:colcon.colcon_core.shell:Creating prefix script '/home/kwasi/Autonomous_MicroRover_ROS/microrover_ws/install/local_setup.zsh'
[11.508s] INFO:colcon.colcon_core.shell:Creating prefix chain script '/home/kwasi/Autonomous_MicroRover_ROS/microrover_ws/install/setup.zsh'
