[1.190s] DEBUG:colcon:Command line arguments: ['/usr/bin/colcon', 'build']
[1.190s] DEBUG:colcon:Parsed command line arguments: Namespace(log_base=None, log_level=None, verb_name='build', build_base='build', install_base='install', merge_install=False, symlink_install=False, test_result_base=None, continue_on_error=False, executor='parallel', parallel_workers=2, event_handlers=None, ignore_user_meta=False, metas=['./colcon.meta'], base_paths=['.'], packages_ignore=None, packages_ignore_regex=None, paths=None, packages_up_to=None, packages_up_to_regex=None, packages_above=None, packages_above_and_dependencies=None, packages_above_depth=None, packages_select_by_dep=None, packages_skip_by_dep=None, packages_skip_up_to=None, packages_select_build_failed=False, packages_skip_build_finished=False, packages_select_test_failures=False, packages_skip_test_passed=False, packages_select=None, packages_skip=None, packages_select_regex=None, packages_skip_regex=None, packages_start=None, packages_end=None, allow_overriding=[], cmake_args=None, cmake_target=None, cmake_target_skip_unavailable=False, cmake_clean_cache=False, cmake_clean_first=False, cmake_force_configure=False, ament_cmake_args=None, catkin_cmake_args=None, catkin_skip_building_tests=False, mixin_files=None, mixin=None, verb_parser=<colcon_mixin.mixin.mixin_argument.MixinArgumentDecorator object at 0x7cd5d996b490>, verb_extension=<colcon_core.verb.build.BuildVerb object at 0x7cd5d996a9b0>, main=<bound method BuildVerb.main of <colcon_core.verb.build.BuildVerb object at 0x7cd5d996a9b0>>, mixin_verb=('build',))
[3.402s] Level 1:colcon.colcon_core.package_discovery:discover_packages(colcon_meta) check parameters
[3.403s] Level 1:colcon.colcon_core.package_discovery:discover_packages(recursive) check parameters
[3.403s] Level 1:colcon.colcon_core.package_discovery:discover_packages(ignore) check parameters
[3.403s] Level 1:colcon.colcon_core.package_discovery:discover_packages(path) check parameters
[3.403s] Level 1:colcon.colcon_core.package_discovery:discover_packages(colcon_meta) discover
[3.404s] Level 1:colcon.colcon_core.package_discovery:discover_packages(recursive) discover
[3.404s] INFO:colcon.colcon_core.package_discovery:Crawling recursively for packages in '/home/kwasi/Autonomous_MicroRover_ROS/microrover_ws'
[3.405s] Level 1:colcon.colcon_core.package_identification:_identify(.) by extensions ['ignore', 'ignore_ament_install']
[3.406s] Level 1:colcon.colcon_core.package_identification:_identify(.) by extension 'ignore'
[3.407s] Level 1:colcon.colcon_core.package_identification:_identify(.) by extension 'ignore_ament_install'
[3.407s] Level 1:colcon.colcon_core.package_identification:_identify(.) by extensions ['colcon_pkg']
[3.408s] Level 1:colcon.colcon_core.package_identification:_identify(.) by extension 'colcon_pkg'
[3.408s] Level 1:colcon.colcon_core.package_identification:_identify(.) by extensions ['colcon_meta']
[3.408s] Level 1:colcon.colcon_core.package_identification:_identify(.) by extension 'colcon_meta'
[3.409s] Level 1:colcon.colcon_core.package_identification:_identify(.) by extensions ['ros']
[3.409s] Level 1:colcon.colcon_core.package_identification:_identify(.) by extension 'ros'
[3.578s] Level 1:colcon.colcon_core.package_identification:_identify(.) by extensions ['cmake', 'python']
[3.579s] Level 1:colcon.colcon_core.package_identification:_identify(.) by extension 'cmake'
[3.579s] Level 1:colcon.colcon_core.package_identification:_identify(.) by extension 'python'
[3.580s] Level 1:colcon.colcon_core.package_identification:_identify(.) by extensions ['python_setup_py']
[3.580s] Level 1:colcon.colcon_core.package_identification:_identify(.) by extension 'python_setup_py'
[3.581s] Level 1:colcon.colcon_core.package_identification:_identify(build) by extensions ['ignore', 'ignore_ament_install']
[3.582s] Level 1:colcon.colcon_core.package_identification:_identify(build) by extension 'ignore'
[3.583s] Level 1:colcon.colcon_core.package_identification:_identify(build) ignored
[3.584s] Level 1:colcon.colcon_core.package_identification:_identify(install) by extensions ['ignore', 'ignore_ament_install']
[3.585s] Level 1:colcon.colcon_core.package_identification:_identify(install) by extension 'ignore'
[3.585s] Level 1:colcon.colcon_core.package_identification:_identify(install) ignored
[3.586s] Level 1:colcon.colcon_core.package_identification:_identify(log) by extensions ['ignore', 'ignore_ament_install']
[3.587s] Level 1:colcon.colcon_core.package_identification:_identify(log) by extension 'ignore'
[3.588s] Level 1:colcon.colcon_core.package_identification:_identify(log) ignored
[3.588s] Level 1:colcon.colcon_core.package_identification:_identify(src) by extensions ['ignore', 'ignore_ament_install']
[3.589s] Level 1:colcon.colcon_core.package_identification:_identify(src) by extension 'ignore'
[3.590s] Level 1:colcon.colcon_core.package_identification:_identify(src) by extension 'ignore_ament_install'
[3.590s] Level 1:colcon.colcon_core.package_identification:_identify(src) by extensions ['colcon_pkg']
[3.591s] Level 1:colcon.colcon_core.package_identification:_identify(src) by extension 'colcon_pkg'
[3.591s] Level 1:colcon.colcon_core.package_identification:_identify(src) by extensions ['colcon_meta']
[3.592s] Level 1:colcon.colcon_core.package_identification:_identify(src) by extension 'colcon_meta'
[3.592s] Level 1:colcon.colcon_core.package_identification:_identify(src) by extensions ['ros']
[3.592s] Level 1:colcon.colcon_core.package_identification:_identify(src) by extension 'ros'
[3.593s] Level 1:colcon.colcon_core.package_identification:_identify(src) by extensions ['cmake', 'python']
[3.594s] Level 1:colcon.colcon_core.package_identification:_identify(src) by extension 'cmake'
[3.594s] Level 1:colcon.colcon_core.package_identification:_identify(src) by extension 'python'
[3.594s] Level 1:colcon.colcon_core.package_identification:_identify(src) by extensions ['python_setup_py']
[3.595s] Level 1:colcon.colcon_core.package_identification:_identify(src) by extension 'python_setup_py'
[3.596s] Level 1:colcon.colcon_core.package_identification:_identify(src/rover_autonomy) by extensions ['ignore', 'ignore_ament_install']
[3.597s] Level 1:colcon.colcon_core.package_identification:_identify(src/rover_autonomy) by extension 'ignore'
[3.598s] Level 1:colcon.colcon_core.package_identification:_identify(src/rover_autonomy) by extension 'ignore_ament_install'
[3.598s] Level 1:colcon.colcon_core.package_identification:_identify(src/rover_autonomy) by extensions ['colcon_pkg']
[3.599s] Level 1:colcon.colcon_core.package_identification:_identify(src/rover_autonomy) by extension 'colcon_pkg'
[3.599s] Level 1:colcon.colcon_core.package_identification:_identify(src/rover_autonomy) by extensions ['colcon_meta']
[3.600s] Level 1:colcon.colcon_core.package_identification:_identify(src/rover_autonomy) by extension 'colcon_meta'
[3.600s] Level 1:colcon.colcon_core.package_identification:_identify(src/rover_autonomy) by extensions ['ros']
[3.600s] Level 1:colcon.colcon_core.package_identification:_identify(src/rover_autonomy) by extension 'ros'
[3.624s] DEBUG:colcon.colcon_core.package_identification:Package 'src/rover_autonomy' with type 'ros.ament_python' and name 'rover_autonomy'
[3.624s] Level 1:colcon.colcon_core.package_discovery:discover_packages(recursive) using defaults
[3.625s] Level 1:colcon.colcon_core.package_discovery:discover_packages(ignore) discover
[3.625s] Level 1:colcon.colcon_core.package_discovery:discover_packages(ignore) using defaults
[3.625s] Level 1:colcon.colcon_core.package_discovery:discover_packages(path) discover
[3.625s] Level 1:colcon.colcon_core.package_discovery:discover_packages(path) using defaults
[3.802s] Level 1:colcon.colcon_core.package_discovery:discover_packages(prefix_path) check parameters
[3.802s] Level 1:colcon.colcon_core.package_discovery:discover_packages(prefix_path) discover
[3.819s] DEBUG:colcon.colcon_installed_package_information.package_discovery:Found 0 installed packages in /home/kwasi/Autonomous_MicroRover_ROS/microrover_ws/install
[3.823s] DEBUG:colcon.colcon_installed_package_information.package_discovery:Found 1 installed packages in /home/kwasi/mower_sim_ws/install
[3.827s] DEBUG:colcon.colcon_installed_package_information.package_discovery:Found 1 installed packages in /home/kwasi/depth_camera_ws/install
[3.841s] DEBUG:colcon.colcon_installed_package_information.package_discovery:Found 335 installed packages in /opt/ros/humble
[3.868s] Level 1:colcon.colcon_core.package_discovery:discover_packages(prefix_path) using defaults
[4.361s] Level 5:colcon.colcon_core.verb:set package 'rover_autonomy' build argument 'cmake_args' from command line to 'None'
[4.362s] Level 5:colcon.colcon_core.verb:set package 'rover_autonomy' build argument 'cmake_target' from command line to 'None'
[4.362s] Level 5:colcon.colcon_core.verb:set package 'rover_autonomy' build argument 'cmake_target_skip_unavailable' from command line to 'False'
[4.362s] Level 5:colcon.colcon_core.verb:set package 'rover_autonomy' build argument 'cmake_clean_cache' from command line to 'False'
[4.363s] Level 5:colcon.colcon_core.verb:set package 'rover_autonomy' build argument 'cmake_clean_first' from command line to 'False'
[4.363s] Level 5:colcon.colcon_core.verb:set package 'rover_autonomy' build argument 'cmake_force_configure' from command line to 'False'
[4.363s] Level 5:colcon.colcon_core.verb:set package 'rover_autonomy' build argument 'ament_cmake_args' from command line to 'None'
[4.363s] Level 5:colcon.colcon_core.verb:set package 'rover_autonomy' build argument 'catkin_cmake_args' from command line to 'None'
[4.364s] Level 5:colcon.colcon_core.verb:set package 'rover_autonomy' build argument 'catkin_skip_building_tests' from command line to 'False'
[4.364s] DEBUG:colcon.colcon_core.verb:Building package 'rover_autonomy' with the following arguments: {'ament_cmake_args': None, 'build_base': '/home/kwasi/Autonomous_MicroRover_ROS/microrover_ws/build/rover_autonomy', 'catkin_cmake_args': None, 'catkin_skip_building_tests': False, 'cmake_args': None, 'cmake_clean_cache': False, 'cmake_clean_first': False, 'cmake_force_configure': False, 'cmake_target': None, 'cmake_target_skip_unavailable': False, 'install_base': '/home/kwasi/Autonomous_MicroRover_ROS/microrover_ws/install/rover_autonomy', 'merge_install': False, 'path': '/home/kwasi/Autonomous_MicroRover_ROS/microrover_ws/src/rover_autonomy', 'symlink_install': False, 'test_result_base': None}
[4.365s] INFO:colcon.colcon_core.executor:Executing jobs using 'parallel' executor
[4.375s] DEBUG:colcon.colcon_parallel_executor.executor.parallel:run_until_complete
[4.376s] INFO:colcon.colcon_ros.task.ament_python.build:Building ROS package in '/home/kwasi/Autonomous_MicroRover_ROS/microrover_ws/src/rover_autonomy' with build type 'ament_python'
[4.377s] Level 1:colcon.colcon_core.shell:create_environment_hook('rover_autonomy', 'ament_prefix_path')
[4.403s] INFO:colcon.colcon_core.plugin_system:Skipping extension 'colcon_core.shell.bat': Not used on non-Windows systems
[4.407s] INFO:colcon.colcon_core.shell:Creating environment hook '/home/kwasi/Autonomous_MicroRover_ROS/microrover_ws/install/rover_autonomy/share/rover_autonomy/hook/ament_prefix_path.ps1'
[4.423s] INFO:colcon.colcon_core.shell:Creating environment descriptor '/home/kwasi/Autonomous_MicroRover_ROS/microrover_ws/install/rover_autonomy/share/rover_autonomy/hook/ament_prefix_path.dsv'
[4.434s] INFO:colcon.colcon_core.shell:Creating environment hook '/home/kwasi/Autonomous_MicroRover_ROS/microrover_ws/install/rover_autonomy/share/rover_autonomy/hook/ament_prefix_path.sh'
[4.450s] INFO:colcon.colcon_core.shell:Skip shell extension 'powershell' for command environment: Not usable outside of PowerShell
[4.450s] DEBUG:colcon.colcon_core.shell:Skip shell extension 'dsv' for command environment
[8.547s] INFO:colcon.colcon_core.task.python.build:Building Python package in '/home/kwasi/Autonomous_MicroRover_ROS/microrover_ws/src/rover_autonomy'
[8.549s] INFO:colcon.colcon_core.shell:Skip shell extension 'powershell' for command environment: Not usable outside of PowerShell
[8.550s] DEBUG:colcon.colcon_core.shell:Skip shell extension 'dsv' for command environment
[13.854s] DEBUG:colcon.colcon_core.event_handler.log_command:Invoking command in '/home/kwasi/Autonomous_MicroRover_ROS/microrover_ws/src/rover_autonomy': PYTHONPATH=/home/kwasi/Autonomous_MicroRover_ROS/microrover_ws/build/rover_autonomy/prefix_override:/usr/lib/python3/dist-packages/colcon_core/task/python/colcon_distutils_commands:/home/kwasi/Autonomous_MicroRover_ROS/microrover_ws/install/rover_autonomy/lib/python3.10/site-packages:${PYTHONPATH} /usr/bin/python3 -W ignore:setup.py install is deprecated setup.py egg_info --egg-base ../../build/rover_autonomy build --build-base /home/kwasi/Autonomous_MicroRover_ROS/microrover_ws/build/rover_autonomy/build install --record /home/kwasi/Autonomous_MicroRover_ROS/microrover_ws/build/rover_autonomy/install.log --single-version-externally-managed install_data
[17.929s] DEBUG:colcon.colcon_core.event_handler.log_command:Invoked command in '/home/kwasi/Autonomous_MicroRover_ROS/microrover_ws/src/rover_autonomy' returned '0': PYTHONPATH=/home/kwasi/Autonomous_MicroRover_ROS/microrover_ws/build/rover_autonomy/prefix_override:/usr/lib/python3/dist-packages/colcon_core/task/python/colcon_distutils_commands:/home/kwasi/Autonomous_MicroRover_ROS/microrover_ws/install/rover_autonomy/lib/python3.10/site-packages:${PYTHONPATH} /usr/bin/python3 -W ignore:setup.py install is deprecated setup.py egg_info --egg-base ../../build/rover_autonomy build --build-base /home/kwasi/Autonomous_MicroRover_ROS/microrover_ws/build/rover_autonomy/build install --record /home/kwasi/Autonomous_MicroRover_ROS/microrover_ws/build/rover_autonomy/install.log --single-version-externally-managed install_data
[17.972s] Level 1:colcon.colcon_core.environment:checking '/home/kwasi/Autonomous_MicroRover_ROS/microrover_ws/install/rover_autonomy' for CMake module files
[17.980s] Level 1:colcon.colcon_core.environment:checking '/home/kwasi/Autonomous_MicroRover_ROS/microrover_ws/install/rover_autonomy' for CMake config files
[17.991s] Level 1:colcon.colcon_core.environment:checking '/home/kwasi/Autonomous_MicroRover_ROS/microrover_ws/install/rover_autonomy/lib'
[17.995s] Level 1:colcon.colcon_core.environment:checking '/home/kwasi/Autonomous_MicroRover_ROS/microrover_ws/install/rover_autonomy/bin'
[17.996s] Level 1:colcon.colcon_core.environment:checking '/home/kwasi/Autonomous_MicroRover_ROS/microrover_ws/install/rover_autonomy/lib/pkgconfig/rover_autonomy.pc'
[17.998s] Level 1:colcon.colcon_core.environment:checking '/home/kwasi/Autonomous_MicroRover_ROS/microrover_ws/install/rover_autonomy/lib/python3.10/site-packages'
[17.999s] Level 1:colcon.colcon_core.shell:create_environment_hook('rover_autonomy', 'pythonpath')
[18.001s] INFO:colcon.colcon_core.shell:Creating environment hook '/home/kwasi/Autonomous_MicroRover_ROS/microrover_ws/install/rover_autonomy/share/rover_autonomy/hook/pythonpath.ps1'
[18.006s] INFO:colcon.colcon_core.shell:Creating environment descriptor '/home/kwasi/Autonomous_MicroRover_ROS/microrover_ws/install/rover_autonomy/share/rover_autonomy/hook/pythonpath.dsv'
[18.009s] INFO:colcon.colcon_core.shell:Creating environment hook '/home/kwasi/Autonomous_MicroRover_ROS/microrover_ws/install/rover_autonomy/share/rover_autonomy/hook/pythonpath.sh'
[18.016s] Level 1:colcon.colcon_core.environment:checking '/home/kwasi/Autonomous_MicroRover_ROS/microrover_ws/install/rover_autonomy/bin'
[18.016s] Level 1:colcon.colcon_core.environment:create_environment_scripts_only(rover_autonomy)
[18.019s] INFO:colcon.colcon_core.shell:Creating package script '/home/kwasi/Autonomous_MicroRover_ROS/microrover_ws/install/rover_autonomy/share/rover_autonomy/package.ps1'
[18.028s] INFO:colcon.colcon_core.shell:Creating package descriptor '/home/kwasi/Autonomous_MicroRover_ROS/microrover_ws/install/rover_autonomy/share/rover_autonomy/package.dsv'
[18.035s] INFO:colcon.colcon_core.shell:Creating package script '/home/kwasi/Autonomous_MicroRover_ROS/microrover_ws/install/rover_autonomy/share/rover_autonomy/package.sh'
[18.043s] INFO:colcon.colcon_core.shell:Creating package script '/home/kwasi/Autonomous_MicroRover_ROS/microrover_ws/install/rover_autonomy/share/rover_autonomy/package.bash'
[18.054s] INFO:colcon.colcon_core.shell:Creating package script '/home/kwasi/Autonomous_MicroRover_ROS/microrover_ws/install/rover_autonomy/share/rover_autonomy/package.zsh'
[18.061s] Level 1:colcon.colcon_core.environment:create_file_with_runtime_dependencies(/home/kwasi/Autonomous_MicroRover_ROS/microrover_ws/install/rover_autonomy/share/colcon-core/packages/rover_autonomy)
[18.068s] DEBUG:colcon.colcon_parallel_executor.executor.parallel:closing loop
[18.068s] DEBUG:colcon.colcon_parallel_executor.executor.parallel:loop closed
[18.075s] DEBUG:colcon.colcon_parallel_executor.executor.parallel:run_until_complete finished with '0'
[18.076s] DEBUG:colcon.colcon_core.event_reactor:joining thread
[18.152s] INFO:colcon.colcon_core.plugin_system:Skipping extension 'colcon_notification.desktop_notification.terminal_notifier': Not used on non-Darwin systems
[18.153s] INFO:colcon.colcon_core.plugin_system:Skipping extension 'colcon_notification.desktop_notification.win32': Not used on non-Windows systems
[18.154s] INFO:colcon.colcon_notification.desktop_notification:Sending desktop notification using 'notify2'
[18.292s] DEBUG:colcon.colcon_core.event_reactor:joined thread
[18.296s] INFO:colcon.colcon_core.shell:Creating prefix script '/home/kwasi/Autonomous_MicroRover_ROS/microrover_ws/install/local_setup.ps1'
[18.320s] INFO:colcon.colcon_core.shell:Creating prefix util module '/home/kwasi/Autonomous_MicroRover_ROS/microrover_ws/install/_local_setup_util_ps1.py'
[18.354s] INFO:colcon.colcon_core.shell:Creating prefix chain script '/home/kwasi/Autonomous_MicroRover_ROS/microrover_ws/install/setup.ps1'
[18.367s] INFO:colcon.colcon_core.shell:Creating prefix script '/home/kwasi/Autonomous_MicroRover_ROS/microrover_ws/install/local_setup.sh'
[18.373s] INFO:colcon.colcon_core.shell:Creating prefix util module '/home/kwasi/Autonomous_MicroRover_ROS/microrover_ws/install/_local_setup_util_sh.py'
[18.379s] INFO:colcon.colcon_core.shell:Creating prefix chain script '/home/kwasi/Autonomous_MicroRover_ROS/microrover_ws/install/setup.sh'
[18.389s] INFO:colcon.colcon_core.shell:Creating prefix script '/home/kwasi/Autonomous_MicroRover_ROS/microrover_ws/install/local_setup.bash'
[18.394s] INFO:colcon.colcon_core.shell:Creating prefix chain script '/home/kwasi/Autonomous_MicroRover_ROS/microrover_ws/install/setup.bash'
[18.403s] INFO:colcon.colcon_core.shell:Creating prefix script '/home/kwasi/Autonomous_MicroRover_ROS/microrover_ws/install/local_setup.zsh'
[18.408s] INFO:colcon.colcon_core.shell:Creating prefix chain script '/home/kwasi/Autonomous_MicroRover_ROS/microrover_ws/install/setup.zsh'
